#
# There is insufficient memory for the Java Runtime Environment to continue.
# Native memory allocation (malloc) failed to allocate 248656 bytes for Chunk::new
# Possible reasons:
#   The system is out of physical RAM or swap space
#   The process is running with CompressedOops enabled, and the Java Heap may be blocking the growth of the native heap
# Possible solutions:
#   Reduce memory load on the system
#   Increase physical memory or swap space
#   Check if swap backing store is full
#   Decrease Java heap size (-Xmx/-Xms)
#   Decrease number of Java threads
#   Decrease Java thread stack sizes (-Xss)
#   Set larger code cache with -XX:ReservedCodeCacheSize=
#   JVM is running with Zero Based Compressed Oops mode in which the Java heap is
#     placed in the first 32GB address space. The Java Heap base address is the
#     maximum limit for the native heap growth. Please use -XX:HeapBaseMinAddress
#     to set the Java Heap base and to place the Java Heap above 32GB virtual address.
# This output file may be truncated or incomplete.
#
#  Out of Memory Error (arena.cpp:168), pid=7772, tid=8944
#
# JRE version: Java(TM) SE Runtime Environment (21.0.10+8) (build 21.0.10+8-LTS-217)
# Java VM: Java HotSpot(TM) 64-Bit Server VM (21.0.10+8-LTS-217, mixed mode, sharing, tiered, compressed oops, compressed class ptrs, g1 gc, windows-amd64)
# No core dump will be written. Minidumps are not enabled by default on client versions of Windows
#

---------------  S U M M A R Y ------------

Command Line: -javaagent:G:\Intellij\IntelliJ IDEA 2026.1\lib\idea_rt.jar=55086 -Dfile.encoding=UTF-8 -Dsun.stdout.encoding=UTF-8 -Dsun.stderr.encoding=UTF-8 com.email.writer.ReplyAiApplication

Host: 12th Gen Intel(R) Core(TM) i5-1235U, 12 cores, 15G,  Windows 11 , 64 bit Build 26100 (10.0.26100.9168)
Time: Thu Sep 10 09:26:16 2026 India Standard Time elapsed time: 0.934991 seconds (0d 0h 0m 0s)

---------------  T H R E A D  ---------------

Current thread (0x000001b30f50b0d0):  JavaThread "C2 CompilerThread0" daemon [_thread_in_native, id=8944, stack(0x0000003e78500000,0x0000003e78600000) (1024K)]


Current CompileTask:
C2:    935  863       4       java.util.jar.JarFile::getEntry (35 bytes)

Stack: [0x0000003e78500000,0x0000003e78600000]
Native frames: (J=compiled Java code, j=interpreted, Vv=VM code, C=native code)
V  [jvm.dll+0x6d0b59]
V  [jvm.dll+0x85fd56]
V  [jvm.dll+0x86224e]
V  [jvm.dll+0x862923]
V  [jvm.dll+0x282a16]
V  [jvm.dll+0xc662d]
V  [jvm.dll+0xc6b71]
V  [jvm.dll+0x2f800e]
V  [jvm.dll+0x5fadb7]
V  [jvm.dll+0x2549d7]
V  [jvm.dll+0x24cd64]
V  [jvm.dll+0x24a84e]
V  [jvm.dll+0x1cacfe]
V  [jvm.dll+0x25a629]
V  [jvm.dll+0x258bb5]
V  [jvm.dll+0x3f4da1]
V  [jvm.dll+0x80a83d]
V  [jvm.dll+0x6cf3fd]
C  [ucrtbase.dll+0x2cd30]
C  [KERNEL32.DLL+0x2ccb7]
C  [ntdll.dll+0xaad6c]


---------------  P R O C E S S  ---------------

Threads class SMR info:
_java_thread_list=0x000001b355224f50, length=13, elements={
0x000001b3700009a0, 0x000001b30f4f8350, 0x000001b30f4f8fb0, 0x000001b30f4ff5a0,
0x000001b30f503150, 0x000001b30f5048d0, 0x000001b30f5063b0, 0x000001b30f50b0d0,
0x000001b30f50fbe0, 0x000001b30f7e5060, 0x000001b30f956130, 0x000001b30f956c80,
0x000001b30f991180
}

Java Threads: ( => current thread )
  0x000001b3700009a0 JavaThread "main"                              [_thread_in_vm, id=18132, stack(0x0000003e77700000,0x0000003e77800000) (1024K)]
  0x000001b30f4f8350 JavaThread "Reference Handler"          daemon [_thread_blocked, id=6820, stack(0x0000003e77f00000,0x0000003e78000000) (1024K)]
  0x000001b30f4f8fb0 JavaThread "Finalizer"                  daemon [_thread_blocked, id=20352, stack(0x0000003e78000000,0x0000003e78100000) (1024K)]
  0x000001b30f4ff5a0 JavaThread "Signal Dispatcher"          daemon [_thread_blocked, id=17936, stack(0x0000003e78100000,0x0000003e78200000) (1024K)]
  0x000001b30f503150 JavaThread "Attach Listener"            daemon [_thread_blocked, id=19292, stack(0x0000003e78200000,0x0000003e78300000) (1024K)]
  0x000001b30f5048d0 JavaThread "Service Thread"             daemon [_thread_blocked, id=11312, stack(0x0000003e78300000,0x0000003e78400000) (1024K)]
  0x000001b30f5063b0 JavaThread "Monitor Deflation Thread"   daemon [_thread_blocked, id=9652, stack(0x0000003e78400000,0x0000003e78500000) (1024K)]
=>0x000001b30f50b0d0 JavaThread "C2 CompilerThread0"         daemon [_thread_in_native, id=8944, stack(0x0000003e78500000,0x0000003e78600000) (1024K)]
  0x000001b30f50fbe0 JavaThread "C1 CompilerThread0"         daemon [_thread_blocked, id=18560, stack(0x0000003e78600000,0x0000003e78700000) (1024K)]
  0x000001b30f7e5060 JavaThread "Common-Cleaner"             daemon [_thread_blocked, id=10780, stack(0x0000003e78700000,0x0000003e78800000) (1024K)]
  0x000001b30f956130 JavaThread "C2 CompilerThread1"         daemon [_thread_in_native, id=13424, stack(0x0000003e78800000,0x0000003e78900000) (1024K)]
  0x000001b30f956c80 JavaThread "Monitor Ctrl-Break"         daemon [_thread_in_native, id=14112, stack(0x0000003e78900000,0x0000003e78a00000) (1024K)]
  0x000001b30f991180 JavaThread "Notification Thread"        daemon [_thread_blocked, id=18620, stack(0x0000003e78a00000,0x0000003e78b00000) (1024K)]
Total: 13

Other Threads:
  0x000001b30f4db600 VMThread "VM Thread"                           [id=5980, stack(0x0000003e77e00000,0x0000003e77f00000) (1024K)]
  0x000001b30f4c73d0 WatcherThread "VM Periodic Task Thread"        [id=18152, stack(0x0000003e77d00000,0x0000003e77e00000) (1024K)]
  0x000001b37006a5c0 WorkerThread "GC Thread#0"                     [id=19004, stack(0x0000003e77800000,0x0000003e77900000) (1024K)]
  0x000001b37007b000 ConcurrentGCThread "G1 Main Marker"            [id=17028, stack(0x0000003e77900000,0x0000003e77a00000) (1024K)]
  0x000001b37007c990 WorkerThread "G1 Conc#0"                       [id=6552, stack(0x0000003e77a00000,0x0000003e77b00000) (1024K)]
  0x000001b3700be8f0 ConcurrentGCThread "G1 Refine#0"               [id=13720, stack(0x0000003e77b00000,0x0000003e77c00000) (1024K)]
  0x000001b30f393740 ConcurrentGCThread "G1 Service"                [id=9928, stack(0x0000003e77c00000,0x0000003e77d00000) (1024K)]
Total: 7

Threads with active compile tasks:
C2 CompilerThread0      971  863       4       java.util.jar.JarFile::getEntry (35 bytes)
C2 CompilerThread1      971  889   !   4       jdk.internal.loader.URLClassPath$JarLoader::getResource (40 bytes)
Total: 2

VM state: not at safepoint (normal execution)

VM Mutex/Monitor currently owned by a thread: None

Heap address: 0x0000000705a00000, size: 4006 MB, Compressed Oops mode: Zero based, Oop shift amount: 3

CDS archive(s) mapped at: [0x000001b310000000-0x000001b310c90000-0x000001b310c90000), size 13172736, SharedBaseAddress: 0x000001b310000000, ArchiveRelocationMode: 1.
Compressed class space mapped at: 0x000001b311000000-0x000001b351000000, reserved size: 1073741824
Narrow klass base: 0x000001b310000000, Narrow klass shift: 0, Narrow klass range: 0x100000000

GC Precious Log:
 CardTable entry size: 512
 Card Set container configuration: InlinePtr #cards 4 size 8 Array Of Cards #cards 16 size 48 Howl #buckets 8 coarsen threshold 3686 Howl Bitmap #cards 512 size 80 coarsen threshold 460 Card regions per heap region 1 cards per card region 4096
 CPUs: 12 total, 12 available
 Memory: 16016M
 Large Page Support: Disabled
 NUMA Support: Disabled
 Compressed Oops: Enabled (Zero based)
 Heap Region Size: 2M
 Heap Min Capacity: 8M
 Heap Initial Capacity: 252M
 Heap Max Capacity: 4006M
 Pre-touch: Disabled
 Parallel Workers: 10
 Concurrent Workers: 3
 Concurrent Refinement Workers: 10
 Periodic GC: Disabled

Heap:
 garbage-first heap   total 258048K, used 14336K [0x0000000705a00000, 0x0000000800000000)
  region size 2048K, 8 young (16384K), 0 survivors (0K)
 Metaspace       used 3724K, committed 3968K, reserved 1114112K
  class space    used 398K, committed 512K, reserved 1048576K

Heap Regions: E=young(eden), S=young(survivor), O=old, HS=humongous(starts), HC=humongous(continues), CS=collection set, F=free, TAMS=top-at-mark-start, PB=parsable bottom
|   0|0x0000000705a00000, 0x0000000705a00000, 0x0000000705c00000|  0%| F|  |TAMS 0x0000000705a00000| PB 0x0000000705a00000| Untracked 
|   1|0x0000000705c00000, 0x0000000705c00000, 0x0000000705e00000|  0%| F|  |TAMS 0x0000000705c00000| PB 0x0000000705c00000| Untracked 
|   2|0x0000000705e00000, 0x0000000705e00000, 0x0000000706000000|  0%| F|  |TAMS 0x0000000705e00000| PB 0x0000000705e00000| Untracked 
|   3|0x0000000706000000, 0x0000000706000000, 0x0000000706200000|  0%| F|  |TAMS 0x0000000706000000| PB 0x0000000706000000| Untracked 
|   4|0x0000000706200000, 0x0000000706200000, 0x0000000706400000|  0%| F|  |TAMS 0x0000000706200000| PB 0x0000000706200000| Untracked 
|   5|0x0000000706400000, 0x0000000706400000, 0x0000000706600000|  0%| F|  |TAMS 0x0000000706400000| PB 0x0000000706400000| Untracked 
|   6|0x0000000706600000, 0x0000000706600000, 0x0000000706800000|  0%| F|  |TAMS 0x0000000706600000| PB 0x0000000706600000| Untracked 
|   7|0x0000000706800000, 0x0000000706800000, 0x0000000706a00000|  0%| F|  |TAMS 0x0000000706800000| PB 0x0000000706800000| Untracked 
|   8|0x0000000706a00000, 0x0000000706a00000, 0x0000000706c00000|  0%| F|  |TAMS 0x0000000706a00000| PB 0x0000000706a00000| Untracked 
|   9|0x0000000706c00000, 0x0000000706c00000, 0x0000000706e00000|  0%| F|  |TAMS 0x0000000706c00000| PB 0x0000000706c00000| Untracked 
|  10|0x0000000706e00000, 0x0000000706e00000, 0x0000000707000000|  0%| F|  |TAMS 0x0000000706e00000| PB 0x0000000706e00000| Untracked 
|  11|0x0000000707000000, 0x0000000707000000, 0x0000000707200000|  0%| F|  |TAMS 0x0000000707000000| PB 0x0000000707000000| Untracked 
|  12|0x0000000707200000, 0x0000000707200000, 0x0000000707400000|  0%| F|  |TAMS 0x0000000707200000| PB 0x0000000707200000| Untracked 
|  13|0x0000000707400000, 0x0000000707400000, 0x0000000707600000|  0%| F|  |TAMS 0x0000000707400000| PB 0x0000000707400000| Untracked 
|  14|0x0000000707600000, 0x0000000707600000, 0x0000000707800000|  0%| F|  |TAMS 0x0000000707600000| PB 0x0000000707600000| Untracked 
|  15|0x0000000707800000, 0x0000000707800000, 0x0000000707a00000|  0%| F|  |TAMS 0x0000000707800000| PB 0x0000000707800000| Untracked 
|  16|0x0000000707a00000, 0x0000000707a00000, 0x0000000707c00000|  0%| F|  |TAMS 0x0000000707a00000| PB 0x0000000707a00000| Untracked 
|  17|0x0000000707c00000, 0x0000000707c00000, 0x0000000707e00000|  0%| F|  |TAMS 0x0000000707c00000| PB 0x0000000707c00000| Untracked 
|  18|0x0000000707e00000, 0x0000000707e00000, 0x0000000708000000|  0%| F|  |TAMS 0x0000000707e00000| PB 0x0000000707e00000| Untracked 
|  19|0x0000000708000000, 0x0000000708000000, 0x0000000708200000|  0%| F|  |TAMS 0x0000000708000000| PB 0x0000000708000000| Untracked 
|  20|0x0000000708200000, 0x0000000708200000, 0x0000000708400000|  0%| F|  |TAMS 0x0000000708200000| PB 0x0000000708200000| Untracked 
|  21|0x0000000708400000, 0x0000000708400000, 0x0000000708600000|  0%| F|  |TAMS 0x0000000708400000| PB 0x0000000708400000| Untracked 
|  22|0x0000000708600000, 0x0000000708600000, 0x0000000708800000|  0%| F|  |TAMS 0x0000000708600000| PB 0x0000000708600000| Untracked 
|  23|0x0000000708800000, 0x0000000708800000, 0x0000000708a00000|  0%| F|  |TAMS 0x0000000708800000| PB 0x0000000708800000| Untracked 
|  24|0x0000000708a00000, 0x0000000708a00000, 0x0000000708c00000|  0%| F|  |TAMS 0x0000000708a00000| PB 0x0000000708a00000| Untracked 
|  25|0x0000000708c00000, 0x0000000708c00000, 0x0000000708e00000|  0%| F|  |TAMS 0x0000000708c00000| PB 0x0000000708c00000| Untracked 
|  26|0x0000000708e00000, 0x0000000708e00000, 0x0000000709000000|  0%| F|  |TAMS 0x0000000708e00000| PB 0x0000000708e00000| Untracked 
|  27|0x0000000709000000, 0x0000000709000000, 0x0000000709200000|  0%| F|  |TAMS 0x0000000709000000| PB 0x0000000709000000| Untracked 
|  28|0x0000000709200000, 0x0000000709200000, 0x0000000709400000|  0%| F|  |TAMS 0x0000000709200000| PB 0x0000000709200000| Untracked 
|  29|0x0000000709400000, 0x0000000709400000, 0x0000000709600000|  0%| F|  |TAMS 0x0000000709400000| PB 0x0000000709400000| Untracked 
|  30|0x0000000709600000, 0x0000000709600000, 0x0000000709800000|  0%| F|  |TAMS 0x0000000709600000| PB 0x0000000709600000| Untracked 
|  31|0x0000000709800000, 0x0000000709800000, 0x0000000709a00000|  0%| F|  |TAMS 0x0000000709800000| PB 0x0000000709800000| Untracked 
|  32|0x0000000709a00000, 0x0000000709a00000, 0x0000000709c00000|  0%| F|  |TAMS 0x0000000709a00000| PB 0x0000000709a00000| Untracked 
|  33|0x0000000709c00000, 0x0000000709c00000, 0x0000000709e00000|  0%| F|  |TAMS 0x0000000709c00000| PB 0x0000000709c00000| Untracked 
|  34|0x0000000709e00000, 0x0000000709e00000, 0x000000070a000000|  0%| F|  |TAMS 0x0000000709e00000| PB 0x0000000709e00000| Untracked 
|  35|0x000000070a000000, 0x000000070a000000, 0x000000070a200000|  0%| F|  |TAMS 0x000000070a000000| PB 0x000000070a000000| Untracked 
|  36|0x000000070a200000, 0x000000070a200000, 0x000000070a400000|  0%| F|  |TAMS 0x000000070a200000| PB 0x000000070a200000| Untracked 
|  37|0x000000070a400000, 0x000000070a400000, 0x000000070a600000|  0%| F|  |TAMS 0x000000070a400000| PB 0x000000070a400000| Untracked 
|  38|0x000000070a600000, 0x000000070a600000, 0x000000070a800000|  0%| F|  |TAMS 0x000000070a600000| PB 0x000000070a600000| Untracked 
|  39|0x000000070a800000, 0x000000070a800000, 0x000000070aa00000|  0%| F|  |TAMS 0x000000070a800000| PB 0x000000070a800000| Untracked 
|  40|0x000000070aa00000, 0x000000070aa00000, 0x000000070ac00000|  0%| F|  |TAMS 0x000000070aa00000| PB 0x000000070aa00000| Untracked 
|  41|0x000000070ac00000, 0x000000070ac00000, 0x000000070ae00000|  0%| F|  |TAMS 0x000000070ac00000| PB 0x000000070ac00000| Untracked 
|  42|0x000000070ae00000, 0x000000070ae00000, 0x000000070b000000|  0%| F|  |TAMS 0x000000070ae00000| PB 0x000000070ae00000| Untracked 
|  43|0x000000070b000000, 0x000000070b000000, 0x000000070b200000|  0%| F|  |TAMS 0x000000070b000000| PB 0x000000070b000000| Untracked 
|  44|0x000000070b200000, 0x000000070b200000, 0x000000070b400000|  0%| F|  |TAMS 0x000000070b200000| PB 0x000000070b200000| Untracked 
|  45|0x000000070b400000, 0x000000070b400000, 0x000000070b600000|  0%| F|  |TAMS 0x000000070b400000| PB 0x000000070b400000| Untracked 
|  46|0x000000070b600000, 0x000000070b600000, 0x000000070b800000|  0%| F|  |TAMS 0x000000070b600000| PB 0x000000070b600000| Untracked 
|  47|0x000000070b800000, 0x000000070b800000, 0x000000070ba00000|  0%| F|  |TAMS 0x000000070b800000| PB 0x000000070b800000| Untracked 
|  48|0x000000070ba00000, 0x000000070ba00000, 0x000000070bc00000|  0%| F|  |TAMS 0x000000070ba00000| PB 0x000000070ba00000| Untracked 
|  49|0x000000070bc00000, 0x000000070bc00000, 0x000000070be00000|  0%| F|  |TAMS 0x000000070bc00000| PB 0x000000070bc00000| Untracked 
|  50|0x000000070be00000, 0x000000070be00000, 0x000000070c000000|  0%| F|  |TAMS 0x000000070be00000| PB 0x000000070be00000| Untracked 
|  51|0x000000070c000000, 0x000000070c000000, 0x000000070c200000|  0%| F|  |TAMS 0x000000070c000000| PB 0x000000070c000000| Untracked 
|  52|0x000000070c200000, 0x000000070c200000, 0x000000070c400000|  0%| F|  |TAMS 0x000000070c200000| PB 0x000000070c200000| Untracked 
|  53|0x000000070c400000, 0x000000070c400000, 0x000000070c600000|  0%| F|  |TAMS 0x000000070c400000| PB 0x000000070c400000| Untracked 
|  54|0x000000070c600000, 0x000000070c600000, 0x000000070c800000|  0%| F|  |TAMS 0x000000070c600000| PB 0x000000070c600000| Untracked 
|  55|0x000000070c800000, 0x000000070c800000, 0x000000070ca00000|  0%| F|  |TAMS 0x000000070c800000| PB 0x000000070c800000| Untracked 
|  56|0x000000070ca00000, 0x000000070ca00000, 0x000000070cc00000|  0%| F|  |TAMS 0x000000070ca00000| PB 0x000000070ca00000| Untracked 
|  57|0x000000070cc00000, 0x000000070cc00000, 0x000000070ce00000|  0%| F|  |TAMS 0x000000070cc00000| PB 0x000000070cc00000| Untracked 
|  58|0x000000070ce00000, 0x000000070ce00000, 0x000000070d000000|  0%| F|  |TAMS 0x000000070ce00000| PB 0x000000070ce00000| Untracked 
|  59|0x000000070d000000, 0x000000070d000000, 0x000000070d200000|  0%| F|  |TAMS 0x000000070d000000| PB 0x000000070d000000| Untracked 
|  60|0x000000070d200000, 0x000000070d200000, 0x000000070d400000|  0%| F|  |TAMS 0x000000070d200000| PB 0x000000070d200000| Untracked 
|  61|0x000000070d400000, 0x000000070d400000, 0x000000070d600000|  0%| F|  |TAMS 0x000000070d400000| PB 0x000000070d400000| Untracked 
|  62|0x000000070d600000, 0x000000070d600000, 0x000000070d800000|  0%| F|  |TAMS 0x000000070d600000| PB 0x000000070d600000| Untracked 
|  63|0x000000070d800000, 0x000000070d800000, 0x000000070da00000|  0%| F|  |TAMS 0x000000070d800000| PB 0x000000070d800000| Untracked 
|  64|0x000000070da00000, 0x000000070da00000, 0x000000070dc00000|  0%| F|  |TAMS 0x000000070da00000| PB 0x000000070da00000| Untracked 
|  65|0x000000070dc00000, 0x000000070dc00000, 0x000000070de00000|  0%| F|  |TAMS 0x000000070dc00000| PB 0x000000070dc00000| Untracked 
|  66|0x000000070de00000, 0x000000070de00000, 0x000000070e000000|  0%| F|  |TAMS 0x000000070de00000| PB 0x000000070de00000| Untracked 
|  67|0x000000070e000000, 0x000000070e000000, 0x000000070e200000|  0%| F|  |TAMS 0x000000070e000000| PB 0x000000070e000000| Untracked 
|  68|0x000000070e200000, 0x000000070e200000, 0x000000070e400000|  0%| F|  |TAMS 0x000000070e200000| PB 0x000000070e200000| Untracked 
|  69|0x000000070e400000, 0x000000070e400000, 0x000000070e600000|  0%| F|  |TAMS 0x000000070e400000| PB 0x000000070e400000| Untracked 
|  70|0x000000070e600000, 0x000000070e600000, 0x000000070e800000|  0%| F|  |TAMS 0x000000070e600000| PB 0x000000070e600000| Untracked 
|  71|0x000000070e800000, 0x000000070e800000, 0x000000070ea00000|  0%| F|  |TAMS 0x000000070e800000| PB 0x000000070e800000| Untracked 
|  72|0x000000070ea00000, 0x000000070ea00000, 0x000000070ec00000|  0%| F|  |TAMS 0x000000070ea00000| PB 0x000000070ea00000| Untracked 
|  73|0x000000070ec00000, 0x000000070ec00000, 0x000000070ee00000|  0%| F|  |TAMS 0x000000070ec00000| PB 0x000000070ec00000| Untracked 
|  74|0x000000070ee00000, 0x000000070ee00000, 0x000000070f000000|  0%| F|  |TAMS 0x000000070ee00000| PB 0x000000070ee00000| Untracked 
|  75|0x000000070f000000, 0x000000070f000000, 0x000000070f200000|  0%| F|  |TAMS 0x000000070f000000| PB 0x000000070f000000| Untracked 
|  76|0x000000070f200000, 0x000000070f200000, 0x000000070f400000|  0%| F|  |TAMS 0x000000070f200000| PB 0x000000070f200000| Untracked 
|  77|0x000000070f400000, 0x000000070f400000, 0x000000070f600000|  0%| F|  |TAMS 0x000000070f400000| PB 0x000000070f400000| Untracked 
|  78|0x000000070f600000, 0x000000070f600000, 0x000000070f800000|  0%| F|  |TAMS 0x000000070f600000| PB 0x000000070f600000| Untracked 
|  79|0x000000070f800000, 0x000000070f800000, 0x000000070fa00000|  0%| F|  |TAMS 0x000000070f800000| PB 0x000000070f800000| Untracked 
|  80|0x000000070fa00000, 0x000000070fa00000, 0x000000070fc00000|  0%| F|  |TAMS 0x000000070fa00000| PB 0x000000070fa00000| Untracked 
|  81|0x000000070fc00000, 0x000000070fc00000, 0x000000070fe00000|  0%| F|  |TAMS 0x000000070fc00000| PB 0x000000070fc00000| Untracked 
|  82|0x000000070fe00000, 0x000000070fe00000, 0x0000000710000000|  0%| F|  |TAMS 0x000000070fe00000| PB 0x000000070fe00000| Untracked 
|  83|0x0000000710000000, 0x0000000710000000, 0x0000000710200000|  0%| F|  |TAMS 0x0000000710000000| PB 0x0000000710000000| Untracked 
|  84|0x0000000710200000, 0x0000000710200000, 0x0000000710400000|  0%| F|  |TAMS 0x0000000710200000| PB 0x0000000710200000| Untracked 
|  85|0x0000000710400000, 0x0000000710400000, 0x0000000710600000|  0%| F|  |TAMS 0x0000000710400000| PB 0x0000000710400000| Untracked 
|  86|0x0000000710600000, 0x0000000710600000, 0x0000000710800000|  0%| F|  |TAMS 0x0000000710600000| PB 0x0000000710600000| Untracked 
|  87|0x0000000710800000, 0x0000000710800000, 0x0000000710a00000|  0%| F|  |TAMS 0x0000000710800000| PB 0x0000000710800000| Untracked 
|  88|0x0000000710a00000, 0x0000000710a00000, 0x0000000710c00000|  0%| F|  |TAMS 0x0000000710a00000| PB 0x0000000710a00000| Untracked 
|  89|0x0000000710c00000, 0x0000000710c00000, 0x0000000710e00000|  0%| F|  |TAMS 0x0000000710c00000| PB 0x0000000710c00000| Untracked 
|  90|0x0000000710e00000, 0x0000000710e00000, 0x0000000711000000|  0%| F|  |TAMS 0x0000000710e00000| PB 0x0000000710e00000| Untracked 
|  91|0x0000000711000000, 0x0000000711000000, 0x0000000711200000|  0%| F|  |TAMS 0x0000000711000000| PB 0x0000000711000000| Untracked 
|  92|0x0000000711200000, 0x0000000711200000, 0x0000000711400000|  0%| F|  |TAMS 0x0000000711200000| PB 0x0000000711200000| Untracked 
|  93|0x0000000711400000, 0x0000000711400000, 0x0000000711600000|  0%| F|  |TAMS 0x0000000711400000| PB 0x0000000711400000| Untracked 
|  94|0x0000000711600000, 0x0000000711600000, 0x0000000711800000|  0%| F|  |TAMS 0x0000000711600000| PB 0x0000000711600000| Untracked 
|  95|0x0000000711800000, 0x0000000711800000, 0x0000000711a00000|  0%| F|  |TAMS 0x0000000711800000| PB 0x0000000711800000| Untracked 
|  96|0x0000000711a00000, 0x0000000711a00000, 0x0000000711c00000|  0%| F|  |TAMS 0x0000000711a00000| PB 0x0000000711a00000| Untracked 
|  97|0x0000000711c00000, 0x0000000711c00000, 0x0000000711e00000|  0%| F|  |TAMS 0x0000000711c00000| PB 0x0000000711c00000| Untracked 
|  98|0x0000000711e00000, 0x0000000711e00000, 0x0000000712000000|  0%| F|  |TAMS 0x0000000711e00000| PB 0x0000000711e00000| Untracked 
|  99|0x0000000712000000, 0x0000000712000000, 0x0000000712200000|  0%| F|  |TAMS 0x0000000712000000| PB 0x0000000712000000| Untracked 
| 100|0x0000000712200000, 0x0000000712200000, 0x0000000712400000|  0%| F|  |TAMS 0x0000000712200000| PB 0x0000000712200000| Untracked 
| 101|0x0000000712400000, 0x0000000712400000, 0x0000000712600000|  0%| F|  |TAMS 0x0000000712400000| PB 0x0000000712400000| Untracked 
| 102|0x0000000712600000, 0x0000000712600000, 0x0000000712800000|  0%| F|  |TAMS 0x0000000712600000| PB 0x0000000712600000| Untracked 
| 103|0x0000000712800000, 0x0000000712800000, 0x0000000712a00000|  0%| F|  |TAMS 0x0000000712800000| PB 0x0000000712800000| Untracked 
| 104|0x0000000712a00000, 0x0000000712a00000, 0x0000000712c00000|  0%| F|  |TAMS 0x0000000712a00000| PB 0x0000000712a00000| Untracked 
| 105|0x0000000712c00000, 0x0000000712c00000, 0x0000000712e00000|  0%| F|  |TAMS 0x0000000712c00000| PB 0x0000000712c00000| Untracked 
| 106|0x0000000712e00000, 0x0000000712e00000, 0x0000000713000000|  0%| F|  |TAMS 0x0000000712e00000| PB 0x0000000712e00000| Untracked 
| 107|0x0000000713000000, 0x0000000713000000, 0x0000000713200000|  0%| F|  |TAMS 0x0000000713000000| PB 0x0000000713000000| Untracked 
| 108|0x0000000713200000, 0x0000000713200000, 0x0000000713400000|  0%| F|  |TAMS 0x0000000713200000| PB 0x0000000713200000| Untracked 
| 109|0x0000000713400000, 0x0000000713400000, 0x0000000713600000|  0%| F|  |TAMS 0x0000000713400000| PB 0x0000000713400000| Untracked 
| 110|0x0000000713600000, 0x0000000713600000, 0x0000000713800000|  0%| F|  |TAMS 0x0000000713600000| PB 0x0000000713600000| Untracked 
| 111|0x0000000713800000, 0x0000000713800000, 0x0000000713a00000|  0%| F|  |TAMS 0x0000000713800000| PB 0x0000000713800000| Untracked 
| 112|0x0000000713a00000, 0x0000000713a00000, 0x0000000713c00000|  0%| F|  |TAMS 0x0000000713a00000| PB 0x0000000713a00000| Untracked 
| 113|0x0000000713c00000, 0x0000000713c00000, 0x0000000713e00000|  0%| F|  |TAMS 0x0000000713c00000| PB 0x0000000713c00000| Untracked 
| 114|0x0000000713e00000, 0x0000000713e00000, 0x0000000714000000|  0%| F|  |TAMS 0x0000000713e00000| PB 0x0000000713e00000| Untracked 
| 115|0x0000000714000000, 0x0000000714000000, 0x0000000714200000|  0%| F|  |TAMS 0x0000000714000000| PB 0x0000000714000000| Untracked 
| 116|0x0000000714200000, 0x0000000714200000, 0x0000000714400000|  0%| F|  |TAMS 0x0000000714200000| PB 0x0000000714200000| Untracked 
| 117|0x0000000714400000, 0x0000000714400000, 0x0000000714600000|  0%| F|  |TAMS 0x0000000714400000| PB 0x0000000714400000| Untracked 
| 118|0x0000000714600000, 0x00000007146e2840, 0x0000000714800000| 44%| E|  |TAMS 0x0000000714600000| PB 0x0000000714600000| Complete 
| 119|0x0000000714800000, 0x0000000714a00000, 0x0000000714a00000|100%| E|CS|TAMS 0x0000000714800000| PB 0x0000000714800000| Complete 
| 120|0x0000000714a00000, 0x0000000714c00000, 0x0000000714c00000|100%| E|CS|TAMS 0x0000000714a00000| PB 0x0000000714a00000| Complete 
| 121|0x0000000714c00000, 0x0000000714e00000, 0x0000000714e00000|100%| E|CS|TAMS 0x0000000714c00000| PB 0x0000000714c00000| Complete 
| 122|0x0000000714e00000, 0x0000000715000000, 0x0000000715000000|100%| E|CS|TAMS 0x0000000714e00000| PB 0x0000000714e00000| Complete 
| 123|0x0000000715000000, 0x0000000715200000, 0x0000000715200000|100%| E|CS|TAMS 0x0000000715000000| PB 0x0000000715000000| Complete 
| 124|0x0000000715200000, 0x0000000715400000, 0x0000000715400000|100%| E|CS|TAMS 0x0000000715200000| PB 0x0000000715200000| Complete 
| 125|0x0000000715400000, 0x0000000715600000, 0x0000000715600000|100%| E|CS|TAMS 0x0000000715400000| PB 0x0000000715400000| Complete 

Card table byte_map: [0x000001b3791d0000,0x000001b3799b0000] _byte_map_base: 0x000001b3759a3000

Marking Bits: (CMBitMap*) 0x000001b37006acd0
 Bits: [0x000001b3799b0000, 0x000001b37d848000)

Polling page: 0x000001b36dd70000

Metaspace:

Usage:
  Non-class:      3.30 MB used.
      Class:    405.08 KB used.
       Both:      3.70 MB used.

Virtual space:
  Non-class space:       64.00 MB reserved,       3.38 MB (  5%) committed,  1 nodes.
      Class space:        1.00 GB reserved,     512.00 KB ( <1%) committed,  1 nodes.
             Both:        1.06 GB reserved,       3.88 MB ( <1%) committed. 

Chunk freelists:
   Non-Class:  10.33 MB
       Class:  15.47 MB
        Both:  25.80 MB

MaxMetaspaceSize: unlimited
CompressedClassSpaceSize: 1.00 GB
Initial GC threshold: 21.00 MB
Current GC threshold: 21.00 MB
CDS: on
 - commit_granule_bytes: 65536.
 - commit_granule_words: 8192.
 - virtual_space_node_default_size: 8388608.
 - enlarge_chunks_in_place: 1.
 - use_allocation_guard: 0.


Internal statistics:

num_allocs_failed_limit: 0.
num_arena_births: 110.
num_arena_deaths: 0.
num_vsnodes_births: 2.
num_vsnodes_deaths: 0.
num_space_committed: 62.
num_space_uncommitted: 0.
num_chunks_returned_to_freelist: 0.
num_chunks_taken_from_freelist: 234.
num_chunk_merges: 0.
num_chunk_splits: 133.
num_chunks_enlarged: 69.
num_inconsistent_stats: 0.

CodeHeap 'non-profiled nmethods': size=120000Kb used=323Kb max_used=323Kb free=119676Kb
 bounds [0x000001b307ad0000, 0x000001b307d40000, 0x000001b30f000000]
CodeHeap 'profiled nmethods': size=120000Kb used=1530Kb max_used=1530Kb free=118469Kb
 bounds [0x000001b300000000, 0x000001b300270000, 0x000001b307530000]
CodeHeap 'non-nmethods': size=5760Kb used=1364Kb max_used=1378Kb free=4395Kb
 bounds [0x000001b307530000, 0x000001b3077a0000, 0x000001b307ad0000]
 total_blobs=1380 nmethods=915 adapters=370
 compilation: enabled
              stopped_count=0, restarted_count=0
 full_count=0

Compilation events (20 events):
Event: 0.913 Thread 0x000001b30f50b0d0  863       4       java.util.jar.JarFile::getEntry (35 bytes)
Event: 0.913 Thread 0x000001b30f50fbe0 nmethod 857 0x000001b300162c10 code [0x000001b300162e20, 0x000001b3001633f0]
Event: 0.913 Thread 0x000001b30f50fbe0  860       3       java.lang.invoke.MethodType::toMethodDescriptorString (28 bytes)
Event: 0.913 Thread 0x000001b30f50fbe0 nmethod 860 0x000001b300163610 code [0x000001b3001637c0, 0x000001b3001639b0]
Event: 0.913 Thread 0x000001b30f50fbe0  861       3       jdk.internal.org.objectweb.asm.ByteVector::putByteArray (49 bytes)
Event: 0.914 Thread 0x000001b30f50fbe0 nmethod 861 0x000001b300163a90 code [0x000001b300163c60, 0x000001b300163f38]
Event: 0.914 Thread 0x000001b30f50fbe0  862       1       java.util.concurrent.CopyOnWriteArrayList::setArray (6 bytes)
Event: 0.914 Thread 0x000001b30f50fbe0 nmethod 862 0x000001b307b1eb10 code [0x000001b307b1eca0, 0x000001b307b1edc0]
Event: 0.916 Thread 0x000001b30f50fbe0  864   !   3       jdk.internal.loader.URLClassPath$JarLoader::checkResource (73 bytes)
Event: 0.917 Thread 0x000001b30f50fbe0 nmethod 864 0x000001b300164090 code [0x000001b3001642e0, 0x000001b300164c20]
Event: 0.922 Thread 0x000001b30f50fbe0  865       3       java.security.SecureClassLoader$CodeSourceKey::equals (60 bytes)
Event: 0.922 Thread 0x000001b30f50fbe0 nmethod 865 0x000001b300165010 code [0x000001b300165220, 0x000001b3001658a0]
Event: 0.923 Thread 0x000001b30f50fbe0  866       3       java.security.CodeSource::matchCerts (254 bytes)
Event: 0.923 Thread 0x000001b30f50fbe0 nmethod 866 0x000001b300165a90 code [0x000001b300165d00, 0x000001b300166880]
Event: 0.926 Thread 0x000001b30f50fbe0  867   !   3       java.util.concurrent.ConcurrentHashMap::computeIfAbsent (576 bytes)
Event: 0.928 Thread 0x000001b30f956130  869       4       java.lang.StringLatin1::inflate (34 bytes)
Event: 0.929 Thread 0x000001b30f50fbe0 nmethod 867 0x000001b300166c90 code [0x000001b3001670e0, 0x000001b3001694c8]
Event: 0.929 Thread 0x000001b30f50fbe0  868       3       java.lang.invoke.DirectMethodHandle::<init> (148 bytes)
Event: 0.930 Thread 0x000001b30f50fbe0 nmethod 868 0x000001b30016a590 code [0x000001b30016a860, 0x000001b30016b6d8]
Event: 0.930 Thread 0x000001b30f50fbe0  870       3       java.lang.invoke.MethodType::genericMethodType (95 bytes)

GC Heap History (0 events):
No events

Dll operation events (9 events):
Event: 0.022 Loaded shared library C:\Program Files\Java\jdk-21.0.10\bin\java.dll
Event: 0.080 Loaded shared library C:\Program Files\Java\jdk-21.0.10\bin\jsvml.dll
Event: 0.229 Loaded shared library C:\Program Files\Java\jdk-21.0.10\bin\zip.dll
Event: 0.240 Loaded shared library C:\Program Files\Java\jdk-21.0.10\bin\instrument.dll
Event: 0.256 Loaded shared library C:\Program Files\Java\jdk-21.0.10\bin\net.dll
Event: 0.260 Loaded shared library C:\Program Files\Java\jdk-21.0.10\bin\nio.dll
Event: 0.268 Loaded shared library C:\Program Files\Java\jdk-21.0.10\bin\zip.dll
Event: 0.476 Loaded shared library C:\Program Files\Java\jdk-21.0.10\bin\extnet.dll
Event: 0.534 Loaded shared library C:\Program Files\Java\jdk-21.0.10\bin\jimage.dll

Deoptimization events (20 events):
Event: 0.605 Thread 0x000001b3700009a0 DEOPT PACKING pc=0x000001b307ae12a0 sp=0x0000003e777fb8e0
Event: 0.605 Thread 0x000001b3700009a0 DEOPT UNPACKING pc=0x000001b3075846a2 sp=0x0000003e777fb878 mode 2
Event: 0.605 Thread 0x000001b3700009a0 Uncommon trap: trap_request=0xffffffc6 fr.pc=0x000001b307ae1300 relative=0x0000000000000ba0
Event: 0.605 Thread 0x000001b3700009a0 Uncommon trap: reason=bimorphic_or_optimized_type_check action=maybe_recompile pc=0x000001b307ae1300 method=java.util.HashMap.putVal(ILjava/lang/Object;Ljava/lang/Object;ZZ)Ljava/lang/Object; @ 152 c2
Event: 0.605 Thread 0x000001b3700009a0 DEOPT PACKING pc=0x000001b307ae1300 sp=0x0000003e777fb8e0
Event: 0.605 Thread 0x000001b3700009a0 DEOPT UNPACKING pc=0x000001b3075846a2 sp=0x0000003e777fb880 mode 2
Event: 0.605 Thread 0x000001b3700009a0 Uncommon trap: trap_request=0xffffffc6 fr.pc=0x000001b307ae12a0 relative=0x0000000000000b40
Event: 0.605 Thread 0x000001b3700009a0 Uncommon trap: reason=bimorphic_or_optimized_type_check action=maybe_recompile pc=0x000001b307ae12a0 method=java.util.HashMap.putVal(ILjava/lang/Object;Ljava/lang/Object;ZZ)Ljava/lang/Object; @ 56 c2
Event: 0.605 Thread 0x000001b3700009a0 DEOPT PACKING pc=0x000001b307ae12a0 sp=0x0000003e777fb8e0
Event: 0.605 Thread 0x000001b3700009a0 DEOPT UNPACKING pc=0x000001b3075846a2 sp=0x0000003e777fb878 mode 2
Event: 0.628 Thread 0x000001b3700009a0 Uncommon trap: trap_request=0xffffff45 fr.pc=0x000001b307afec00 relative=0x0000000000000960
Event: 0.628 Thread 0x000001b3700009a0 Uncommon trap: reason=unstable_if action=reinterpret pc=0x000001b307afec00 method=java.util.HashMap.putVal(ILjava/lang/Object;Ljava/lang/Object;ZZ)Ljava/lang/Object; @ 181 c2
Event: 0.628 Thread 0x000001b3700009a0 DEOPT PACKING pc=0x000001b307afec00 sp=0x0000003e777fb450
Event: 0.628 Thread 0x000001b3700009a0 DEOPT UNPACKING pc=0x000001b3075846a2 sp=0x0000003e777fb400 mode 2
Event: 0.682 Thread 0x000001b3700009a0 Uncommon trap: trap_request=0xffffff45 fr.pc=0x000001b307ae6510 relative=0x0000000000000070
Event: 0.682 Thread 0x000001b3700009a0 Uncommon trap: reason=unstable_if action=reinterpret pc=0x000001b307ae6510 method=java.io.WinNTFileSystem.isSlash(C)Z @ 9 c2
Event: 0.682 Thread 0x000001b3700009a0 DEOPT PACKING pc=0x000001b307ae6510 sp=0x0000003e777fcce0
Event: 0.682 Thread 0x000001b3700009a0 DEOPT UNPACKING pc=0x000001b3075846a2 sp=0x0000003e777fcc68 mode 2
Event: 0.807 Thread 0x000001b3700009a0 DEOPT PACKING pc=0x000001b30007eef7 sp=0x0000003e777fc8a0
Event: 0.807 Thread 0x000001b3700009a0 DEOPT UNPACKING pc=0x000001b307584e42 sp=0x0000003e777fbcf0 mode 0

Classes loaded (20 events):
Event: 0.853 Loading class java/time/zone/ZoneRulesProvider
Event: 0.853 Loading class java/time/zone/ZoneRulesProvider done
Event: 0.853 Loading class java/time/zone/ZoneRulesProvider$1
Event: 0.853 Loading class java/time/zone/ZoneRulesProvider$1 done
Event: 0.853 Loading class java/time/zone/TzdbZoneRulesProvider
Event: 0.853 Loading class java/time/zone/TzdbZoneRulesProvider done
Event: 0.859 Loading class java/util/Arrays$ArrayItr
Event: 0.859 Loading class java/util/Arrays$ArrayItr done
Event: 0.861 Loading class java/time/zone/Ser
Event: 0.862 Loading class java/io/Externalizable
Event: 0.862 Loading class java/io/Externalizable done
Event: 0.862 Loading class java/time/zone/Ser done
Event: 0.863 Loading class java/time/zone/ZoneOffsetTransition
Event: 0.864 Loading class java/time/zone/ZoneOffsetTransition done
Event: 0.869 Loading class java/util/concurrent/atomic/AtomicReference
Event: 0.869 Loading class java/util/concurrent/atomic/AtomicReference done
Event: 0.891 Loading class java/lang/InterruptedException
Event: 0.891 Loading class java/lang/InterruptedException done
Event: 0.891 Loading class java/util/concurrent/TimeoutException
Event: 0.891 Loading class java/util/concurrent/TimeoutException done

Classes unloaded (0 events):
No events

Classes redefined (0 events):
No events

Internal exceptions (12 events):
Event: 0.443 Thread 0x000001b3700009a0 Exception <a 'java/lang/NoSuchMethodError'{0x0000000714eab930}: 'void java.lang.invoke.DirectMethodHandle$Holder.invokeStatic(java.lang.Object, java.lang.Object, java.lang.Object)'> (0x0000000714eab930) 
thrown [s\open\src\hotspot\share\interpreter\linkResolver.cpp, line 773]
Event: 0.451 Thread 0x000001b3700009a0 Exception <a 'java/lang/NoSuchMethodError'{0x0000000714ec2eb8}: 'java.lang.Object java.lang.invoke.Invokers$Holder.invokeExact_MT(java.lang.Object, java.lang.Object, java.lang.Object, java.lang.Object, java.lang.Object)'> (0x0000000714ec2eb8) 
thrown [s\open\src\hotspot\share\interpreter\linkResolver.cpp, line 773]
Event: 0.479 Thread 0x000001b30f956c80 Exception <a 'java/lang/NoSuchMethodError'{0x0000000714f066d8}: 'void java.lang.invoke.DirectMethodHandle$Holder.invokeStatic(java.lang.Object, java.lang.Object)'> (0x0000000714f066d8) 
thrown [s\open\src\hotspot\share\interpreter\linkResolver.cpp, line 773]
Event: 0.523 Thread 0x000001b3700009a0 Exception <a 'java/lang/NoSuchMethodError'{0x0000000714c08c80}: 'java.lang.Object java.lang.invoke.DirectMethodHandle$Holder.invokeStaticInit(java.lang.Object, java.lang.Object, java.lang.Object)'> (0x0000000714c08c80) 
thrown [s\open\src\hotspot\share\interpreter\linkResolver.cpp, line 773]
Event: 0.610 Thread 0x000001b3700009a0 Exception <a 'java/lang/NoSuchMethodError'{0x0000000714d17220}: 'void java.lang.invoke.DirectMethodHandle$Holder.invokeStatic(java.lang.Object, java.lang.Object, java.lang.Object, java.lang.Object)'> (0x0000000714d17220) 
thrown [s\open\src\hotspot\share\interpreter\linkResolver.cpp, line 773]
Event: 0.645 Thread 0x000001b3700009a0 Exception <a 'java/lang/NoSuchMethodError'{0x0000000714d7c4d8}: 'int java.lang.invoke.DirectMethodHandle$Holder.invokeStatic(java.lang.Object)'> (0x0000000714d7c4d8) 
thrown [s\open\src\hotspot\share\interpreter\linkResolver.cpp, line 773]
Event: 0.645 Thread 0x000001b3700009a0 Exception <a 'java/lang/NoSuchMethodError'{0x0000000714d7f6f0}: 'int java.lang.invoke.DirectMethodHandle$Holder.invokeStaticInit(java.lang.Object)'> (0x0000000714d7f6f0) 
thrown [s\open\src\hotspot\share\interpreter\linkResolver.cpp, line 773]
Event: 0.662 Thread 0x000001b3700009a0 Exception <a 'java/lang/NoSuchMethodError'{0x0000000714dd8cb8}: 'java.lang.Object java.lang.invoke.DirectMethodHandle$Holder.invokeStatic(java.lang.Object, int, java.lang.Object)'> (0x0000000714dd8cb8) 
thrown [s\open\src\hotspot\share\interpreter\linkResolver.cpp, line 773]
Event: 0.669 Thread 0x000001b3700009a0 Exception <a 'java/lang/NoSuchMethodError'{0x0000000714de0e18}: 'java.lang.Object java.lang.invoke.DirectMethodHandle$Holder.invokeInterface(java.lang.Object, java.lang.Object)'> (0x0000000714de0e18) 
thrown [s\open\src\hotspot\share\interpreter\linkResolver.cpp, line 773]
Event: 0.710 Thread 0x000001b3700009a0 Exception <a 'java/lang/NoSuchMethodError'{0x0000000714a4d150}: 'void java.lang.invoke.DirectMethodHandle$Holder.invokeStaticInit(java.lang.Object, java.lang.Object, java.lang.Object, java.lang.Object)'> (0x0000000714a4d150) 
thrown [s\open\src\hotspot\share\interpreter\linkResolver.cpp, line 773]
Event: 0.806 Thread 0x000001b3700009a0 Exception <a 'java/lang/NoSuchMethodError'{0x0000000714bdb700}: 'java.lang.Object java.lang.invoke.DirectMethodHandle$Holder.invokeSpecial(java.lang.Object, java.lang.Object, java.lang.Object, long, java.lang.Object)'> (0x0000000714bdb700) 
thrown [s\open\src\hotspot\share\interpreter\linkResolver.cpp, line 773]
Event: 0.807 Thread 0x000001b3700009a0 Exception <a 'java/lang/NoSuchMethodError'{0x0000000714bdf060}: 'java.lang.Object java.lang.invoke.Invokers$Holder.linkToTargetMethod(java.lang.Object, long, java.lang.Object, java.lang.Object)'> (0x0000000714bdf060) 
thrown [s\open\src\hotspot\share\interpreter\linkResolver.cpp, line 773]

ZGC Phase Switch (0 events):
No events

VM Operations (6 events):
Event: 0.199 Executing VM operation: HandshakeAllThreads (Deoptimize)
Event: 0.199 Executing VM operation: HandshakeAllThreads (Deoptimize) done
Event: 0.604 Executing VM operation: HandshakeAllThreads (Deoptimize)
Event: 0.604 Executing VM operation: HandshakeAllThreads (Deoptimize) done
Event: 0.681 Executing VM operation: HandshakeAllThreads (Deoptimize)
Event: 0.681 Executing VM operation: HandshakeAllThreads (Deoptimize) done

Events (13 events):
Event: 0.048 Thread 0x000001b3700009a0 Thread added: 0x000001b3700009a0
Event: 0.075 Thread 0x000001b30f4f8350 Thread added: 0x000001b30f4f8350
Event: 0.075 Thread 0x000001b30f4f8fb0 Thread added: 0x000001b30f4f8fb0
Event: 0.075 Thread 0x000001b30f4ff5a0 Thread added: 0x000001b30f4ff5a0
Event: 0.075 Thread 0x000001b30f503150 Thread added: 0x000001b30f503150
Event: 0.076 Thread 0x000001b30f5048d0 Thread added: 0x000001b30f5048d0
Event: 0.076 Thread 0x000001b30f5063b0 Thread added: 0x000001b30f5063b0
Event: 0.076 Thread 0x000001b30f50b0d0 Thread added: 0x000001b30f50b0d0
Event: 0.076 Thread 0x000001b30f50fbe0 Thread added: 0x000001b30f50fbe0
Event: 0.249 Thread 0x000001b30f7e5060 Thread added: 0x000001b30f7e5060
Event: 0.345 Thread 0x000001b30f956130 Thread added: 0x000001b30f956130
Event: 0.458 Thread 0x000001b30f956c80 Thread added: 0x000001b30f956c80
Event: 0.458 Thread 0x000001b30f991180 Thread added: 0x000001b30f991180


Dynamic libraries:
0x00007ff6e2920000 - 0x00007ff6e2930000 	C:\Program Files\Java\jdk-21.0.10\bin\java.exe
0x00007ff8ab640000 - 0x00007ff8ab8a6000 	C:\WINDOWS\SYSTEM32\ntdll.dll
0x00007ff8a9e80000 - 0x00007ff8a9f49000 	C:\WINDOWS\System32\KERNEL32.DLL
0x00007ff8a8910000 - 0x00007ff8a8d0f000 	C:\WINDOWS\System32\KERNELBASE.dll
0x00007ff8a9020000 - 0x00007ff8a916c000 	C:\WINDOWS\System32\ucrtbase.dll
0x00007ff8616c0000 - 0x00007ff8616de000 	C:\Program Files\Java\jdk-21.0.10\bin\VCRUNTIME140.dll
0x00007ff8633c0000 - 0x00007ff8633d9000 	C:\Program Files\Java\jdk-21.0.10\bin\jli.dll
0x00007ff8a9f50000 - 0x00007ff8aa00c000 	C:\WINDOWS\System32\ADVAPI32.dll
0x00007ff8aa540000 - 0x00007ff8aa5e9000 	C:\WINDOWS\System32\msvcrt.dll
0x00007ff8aa650000 - 0x00007ff8aa6fa000 	C:\WINDOWS\System32\sechost.dll
0x00007ff8a9670000 - 0x00007ff8a9788000 	C:\WINDOWS\System32\RPCRT4.dll
0x00007ff8a9490000 - 0x00007ff8a9656000 	C:\WINDOWS\System32\USER32.dll
0x00007ff8a8ff0000 - 0x00007ff8a9017000 	C:\WINDOWS\System32\win32u.dll
0x00007ff8807e0000 - 0x00007ff880a71000 	C:\WINDOWS\WinSxS\amd64_microsoft.windows.common-controls_6595b64144ccf1df_6.0.26100.8972_none_3e0da176e32f9d4b\COMCTL32.dll
0x00007ff8a9460000 - 0x00007ff8a948b000 	C:\WINDOWS\System32\GDI32.dll
0x00007ff8a9180000 - 0x00007ff8a92a9000 	C:\WINDOWS\System32\gdi32full.dll
0x00007ff8a8d20000 - 0x00007ff8a8dc3000 	C:\WINDOWS\System32\msvcp_win.dll
0x00007ff898590000 - 0x00007ff89859b000 	C:\WINDOWS\SYSTEM32\VERSION.dll
0x00007ff8aa800000 - 0x00007ff8aa832000 	C:\WINDOWS\System32\IMM32.DLL
0x00007ff880ea0000 - 0x00007ff880eac000 	C:\Program Files\Java\jdk-21.0.10\bin\vcruntime140_1.dll
0x00007ff827610000 - 0x00007ff82769d000 	C:\Program Files\Java\jdk-21.0.10\bin\msvcp140.dll
0x00007fffdf980000 - 0x00007fffe06a7000 	C:\Program Files\Java\jdk-21.0.10\bin\server\jvm.dll
0x00007ff8a9dd0000 - 0x00007ff8a9e52000 	C:\WINDOWS\System32\WS2_32.dll
0x00007ff8a86d0000 - 0x00007ff8a872e000 	C:\WINDOWS\SYSTEM32\POWRPROF.dll
0x00007ff8a5190000 - 0x00007ff8a51c6000 	C:\WINDOWS\SYSTEM32\WINMM.dll
0x00007ff8a86b0000 - 0x00007ff8a86c5000 	C:\WINDOWS\SYSTEM32\UMPDC.dll
0x00007ff8a7500000 - 0x00007ff8a751b000 	C:\WINDOWS\SYSTEM32\kernel.appcore.dll
0x00007ff87fed0000 - 0x00007ff87feda000 	C:\Program Files\Java\jdk-21.0.10\bin\jimage.dll
0x00007ff8a5e60000 - 0x00007ff8a60a2000 	C:\WINDOWS\SYSTEM32\DBGHELP.DLL
0x00007ff8ab060000 - 0x00007ff8ab3e5000 	C:\WINDOWS\System32\combase.dll
0x00007ff8a9c20000 - 0x00007ff8a9cf9000 	C:\WINDOWS\System32\OLEAUT32.dll
0x00007ff8780d0000 - 0x00007ff87810b000 	C:\WINDOWS\SYSTEM32\dbgcore.DLL
0x00007ff8a92b0000 - 0x00007ff8a935c000 	C:\WINDOWS\System32\bcryptPrimitives.dll
0x00007ff87f150000 - 0x00007ff87f160000 	C:\Program Files\Java\jdk-21.0.10\bin\instrument.dll
0x00007ff857810000 - 0x00007ff857831000 	C:\Program Files\Java\jdk-21.0.10\bin\java.dll
0x00007ff8aa8d0000 - 0x00007ff8ab058000 	C:\WINDOWS\System32\SHELL32.dll
0x00007ff8a6160000 - 0x00007ff8a69fb000 	C:\WINDOWS\SYSTEM32\windows.storage.dll
0x00007ff8aa700000 - 0x00007ff8aa7f9000 	C:\WINDOWS\System32\SHCORE.dll
0x00007ff8a93f0000 - 0x00007ff8a9456000 	C:\WINDOWS\System32\shlwapi.dll
0x00007ff8a8770000 - 0x00007ff8a8799000 	C:\WINDOWS\SYSTEM32\profapi.dll
0x00007ff820820000 - 0x00007ff8208f7000 	C:\Program Files\Java\jdk-21.0.10\bin\jsvml.dll
0x00007ff8585d0000 - 0x00007ff8585e8000 	C:\Program Files\Java\jdk-21.0.10\bin\zip.dll
0x00007ff858dc0000 - 0x00007ff858dd1000 	C:\Program Files\Java\jdk-21.0.10\bin\net.dll
0x00007ff89e520000 - 0x00007ff89e648000 	C:\WINDOWS\SYSTEM32\WINHTTP.dll
0x00007ff8a7a90000 - 0x00007ff8a7afc000 	C:\WINDOWS\system32\mswsock.dll
0x00007ff858ab0000 - 0x00007ff858ac6000 	C:\Program Files\Java\jdk-21.0.10\bin\nio.dll
0x00007ff87eff0000 - 0x00007ff87eff9000 	C:\Program Files\Java\jdk-21.0.10\bin\extnet.dll

dbghelp: loaded successfully - version: 4.0.5 - missing functions: none
symbol engine: initialized successfully - sym options: 0x614 - pdb path: .;C:\Program Files\Java\jdk-21.0.10\bin;C:\WINDOWS\SYSTEM32;C:\WINDOWS\WinSxS\amd64_microsoft.windows.common-controls_6595b64144ccf1df_6.0.26100.8972_none_3e0da176e32f9d4b;C:\Program Files\Java\jdk-21.0.10\bin\server

VM Arguments:
jvm_args: -javaagent:G:\Intellij\IntelliJ IDEA 2026.1\lib\idea_rt.jar=55086 -Dfile.encoding=UTF-8 -Dsun.stdout.encoding=UTF-8 -Dsun.stderr.encoding=UTF-8 
java_command: com.email.writer.ReplyAiApplication
java_class_path (initial): G:\reply-ai\reply-ai\target\classes;C:\Users\taaza\.m2\repository\org\springframework\boot\spring-boot-starter-webmvc\4.1.1\spring-boot-starter-webmvc-4.1.1.jar;C:\Users\taaza\.m2\repository\org\springframework\boot\spring-boot-starter\4.1.1\spring-boot-starter-4.1.1.jar;C:\Users\taaza\.m2\repository\org\springframework\boot\spring-boot-starter-logging\4.1.1\spring-boot-starter-logging-4.1.1.jar;C:\Users\taaza\.m2\repository\ch\qos\logback\logback-classic\1.5.38\logback-classic-1.5.38.jar;C:\Users\taaza\.m2\repository\ch\qos\logback\logback-core\1.5.38\logback-core-1.5.38.jar;C:\Users\taaza\.m2\repository\org\apache\logging\log4j\log4j-to-slf4j\2.25.5\log4j-to-slf4j-2.25.5.jar;C:\Users\taaza\.m2\repository\org\apache\logging\log4j\log4j-api\2.25.5\log4j-api-2.25.5.jar;C:\Users\taaza\.m2\repository\org\slf4j\jul-to-slf4j\2.0.18\jul-to-slf4j-2.0.18.jar;C:\Users\taaza\.m2\repository\org\springframework\boot\spring-boot-autoconfigure\4.1.1\spring-boot-autoconfigure-4.1.1.jar;C:\Users\taaza\.m2\repository\jakarta\annotation\jakarta.annotation-api\3.0.0\jakarta.annotation-api-3.0.0.jar;C:\Users\taaza\.m2\repository\org\yaml\snakeyaml\2.6\snakeyaml-2.6.jar;C:\Users\taaza\.m2\repository\org\springframework\boot\spring-boot-starter-jackson\4.1.1\spring-boot-starter-jackson-4.1.1.jar;C:\Users\taaza\.m2\repository\org\springframework\boot\spring-boot-jackson\4.1.1\spring-boot-jackson-4.1.1.jar;C:\Users\taaza\.m2\repository\tools\jackson\core\jackson-databind\3.1.5\jackson-databind-3.1.5.jar;C:\Users\taaza\.m2\repository\com\fasterxml\jackson\core\jackson-annotations\2.21\jackson-annotations-2.21.jar;C:\Users\taaza\.m2\repository\tools\jackson\core\jackson-core\3.1.5\jackson-core-3.1.5.jar;C:\Users\taaza\.m2\repository\org\springframework\boot\spring-boot-starter-tomcat\4.1.1\spring-boot-starter-tomcat-4.1.1.jar;C:\Users\taaza\.m2\repository\org\springframework\boot\spring-boot-starter-tomcat-runtime\4.1.1\spring-boot-starter-tomcat-runtime-4.1.1.jar;C:\Users\taaza\.m2\repository\org\apache\tomcat\embed\tomcat-embed-core\11.0.24\tomcat-embed-core-11.0.24.jar;C:\Users\taaza\.m2\repository\org\apache\tomcat\embed\tomcat-embed-el\11.0.24\tomcat-embed-el-11.0.24.jar;C:\Users\taaza\.m2\repository\org\apache\tomcat\embed\tomcat-embed-websocket\11.0.24\tomcat-embed-websocket-11.0.24.jar;C:\Users\taaza\.m2\repository\org\springframework\boot\spring-boot-tomcat\4.1.1\spring-boot-tomcat-4.1.1.jar;C:\Users\taaza\.m2\repository\org\springframework\boot\spring-boot-http-converter\4.1.1\spring-boot-http-converter-4.1.1.jar;C:\Users\taaza\.m2\repository\org\springframework\boot\spring-boot\4.1.1\spring-boot-4.1.1.jar;C:\Users\taaza\.m2\repository\org\springframework\spring-context\7.0.9\spring-context-7.0.9.jar;C:\Users\taaza\.m2\repository\org\springframework\spring-web\7.0.9\spring-web-7.0.9.jar;C:\Users\taaza\.m2\repository\org\springframework\spring-beans\7.0.9\spring-beans-7.0.9.jar;C:\Users\taaza\.m2\repository\io\micrometer\micrometer-observation\1.17.1\micrometer-observation-1.17.1.jar;C:\Users\taaza\.m2\repository\io\micrometer\micrometer-commons\1.17.1\micrometer-commons-1.17.1.jar;C:\Users\taaza\.m2\repository\org\springframework\boot\spring-boot-webmvc\4.1.1\spring-boot-webmvc-4.1.1.jar;C:\Users\taaza\.m2\repository\org\springframework\boot\spring-boot-servlet\4.1.1\spring-boot-servlet-4.1.1.jar;C:\Users\taaza\.m2\repository\org\springframework\spring-webmvc\7.0.9\spring-webmvc-7.0.9.jar;C:\Users\taaza\.m2\repository\org\springframework\spring-aop\7.0.9\spring-aop-7.0.9.jar;C:\Users\taaza\.m2\repository\org\springframework\spring-expression\7.0.9\spring-expression-7.0.9.jar;C:\Users\taaza\.m2\repository\org\projectlombok\lombok\1.18.46\lombok-1.18.46.jar;C:\Users\taaza\.m2\repository\org\slf4j\slf4j-api\2.0.18\slf4j-api-2.0.18.jar;C:\Users\taaza\.m2\repository\org\springframework\spring-core\7.0.9\spring-core-7.0.9.jar;C:\Users\taaza\.m2\repository\commons-logging\commons-logging\1.3.6\commons-logging-1.3.6.jar;C:\Users\taaza\.m2\repository\org\jspecify\jspecify\1.0.1\jspecify-1.0.1.jar;C:\Users\taaza\.m2\repository\org\springframework\boot\spring-boot-web-server\4.1.1\spring-boot-web-server-4.1.1.jar;C:\Users\taaza\.m2\repository\org\springframework\boot\spring-boot-starter-webflux\4.1.1\spring-boot-starter-webflux-4.1.1.jar;C:\Users\taaza\.m2\repository\org\springframework\boot\spring-boot-starter-reactor-netty\4.1.1\spring-boot-starter-reactor-netty-4.1.1.jar;C:\Users\taaza\.m2\repository\org\springframework\boot\spring-boot-reactor-netty\4.1.1\spring-boot-reactor-netty-4.1.1.jar;C:\Users\taaza\.m2\repository\io\projectreactor\netty\reactor-netty-http\1.3.7\reactor-netty-http-1.3.7.jar;C:\Users\taaza\.m2\repository\io\netty\netty-codec-http\4.2.17.Final\netty-codec-http-4.2.17.Final.jar;C:\Users\taaza\.m2\repository\io\netty\netty-buffer\4.2.17.Final\netty-buffer-4.2.17.Final.jar;C:\Users\taaza\.m2\repository\io\netty\netty-transport\4.2.17.Final\netty-transport-4.2.17.Final.jar;C:\Users\taaza\.m2\repository\io\netty\netty-codec-base\4.2.17.Final\netty-codec-base-4.2.17.Final.jar;C:\Users\taaza\.m2\repository\io\netty\netty-codec-compression\4.2.17.Final\netty-codec-compression-4.2.17.Final.jar;C:\Users\taaza\.m2\repository\io\netty\netty-handler\4.2.17.Final\netty-handler-4.2.17.Final.jar;C:\Users\taaza\.m2\repository\io\netty\netty-codec-http2\4.2.17.Final\netty-codec-http2-4.2.17.Final.jar;C:\Users\taaza\.m2\repository\io\netty\netty-codec-http3\4.2.17.Final\netty-codec-http3-4.2.17.Final.jar;C:\Users\taaza\.m2\repository\io\netty\netty-transport-native-unix-common\4.2.17.Final\netty-transport-native-unix-common-4.2.17.Final.jar;C:\Users\taaza\.m2\repository\io\netty\netty-resolver\4.2.17.Final\netty-resolver-4.2.17.Final.jar;C:\Users\taaza\.m2\repository\io\netty\netty-codec-classes-quic\4.2.17.Final\netty-codec-classes-quic-4.2.17.Final.jar;C:\Users\taaza\.m2\repository\io\netty\netty-codec-native-quic\4.2.17.Final\netty-codec-native-quic-4.2.17.Final-linux-x86_64.jar;C:\Users\taaza\.m2\repository\io\netty\netty-codec-native-quic\4.2.17.Final\netty-codec-native-quic-4.2.17.Final-linux-aarch_64.jar;C:\Users\taaza\.m2\repository\io\netty\netty-codec-native-quic\4.2.17.Final\netty-codec-native-quic-4.2.17.Final-osx-x86_64.jar;C:\Users\taaza\.m2\repository\io\netty\netty-codec-native-quic\4.2.17.Final\netty-codec-native-quic-4.2.17.Final-osx-aarch_64.jar;C:\Users\taaza\.m2\repository\io\netty\netty-codec-native-quic\4.2.17.Final\netty-codec-native-quic-4.2.17.Final-windows-x86_64.jar;C:\Users\taaza\.m2\repository\io\netty\netty-resolver-dns\4.2.17.Final\netty-resolver-dns-4.2.17.Final.jar;C:\Users\taaza\.m2\repository\io\netty\netty-codec-dns\4.2.17.Final\netty-codec-dns-4.2.17.Final.jar;C:\Users\taaza\.m2\repository\io\netty\netty-resolver-dns-native-macos\4.2.17.Final\netty-resolver-dns-native-macos-4.2.17.Final-osx-x86_64.jar;C:\Users\taaza\.m2\repository\io\netty\netty-resolver-dns-classes-macos\4.2.17.Final\netty-resolver-dns-classes-macos-4.2.17.Final.jar;C:\Users\taaza\.m2\repository\io\netty\netty-transport-native-epoll\4.2.17.Final\netty-transport-native-epoll-4.2.17.Final-linux-x86_64.jar;C:\Users\taaza\.m2\repository\io\netty\netty-transport-classes-epoll\4.2.17.Final\netty-transport-classes-epoll-4.2.17.Final.jar;C:\Users\taaza\.m2\repository\io\projectreactor\netty\reactor-netty-core\1.3.7\reactor-netty-core-1.3.7.jar;C:\Users\taaza\.m2\repository\io\netty\netty-handler-proxy\4.2.17.Final\netty-handler-proxy-4.2.17.Final.jar;C:\Users\taaza\.m2\repository\io\netty\netty-codec-socks\4.2.17.Final\netty-codec-socks-4.2.17.Final.jar;C:\Users\taaza\.m2\repository\org\springframework\boot\spring-boot-netty\4.1.1\spring-boot-netty-4.1.1.jar;C:\Users\taaza\.m2\repository\io\netty\netty-common\4.2.17.Final\netty-common-4.2.17.Final.jar;C:\Users\taaza\.m2\repository\org\springframework\boot\spring-boot-reactor\4.1.1\spring-boot-reactor-4.1.1.jar;C:\Users\taaza\.m2\repository\io\projectreactor\reactor-core\3.8.7\reactor-core-3.8.7.jar;C:\Users\taaza\.m2\repository\org\reactivestreams\reactive-streams\1.0.4\reactive-streams-1.0.4.jar;C:\Users\taaza\.m2\repository\org\springframework\boot\spring-boot-webflux\4.1.1\spring-boot-webflux-4.1.1.jar;C:\Users\taaza\.m2\repository\org\springframework\boot\spring-boot-http-codec\4.1.1\spring-boot-http-codec-4.1.1.jar;C:\Users\taaza\.m2\repository\org\springframework\spring-webflux\7.0.9\spring-webflux-7.0.9.jar
Launcher Type: SUN_STANDARD

[Global flags]
     intx CICompilerCount                          = 4                                         {product} {ergonomic}
     uint ConcGCThreads                            = 3                                         {product} {ergonomic}
     uint G1ConcRefinementThreads                  = 10                                        {product} {ergonomic}
   size_t G1HeapRegionSize                         = 2097152                                   {product} {ergonomic}
    uintx GCDrainStackTargetSize                   = 64                                        {product} {ergonomic}
   size_t InitialHeapSize                          = 264241152                                 {product} {ergonomic}
   size_t MarkStackSize                            = 4194304                                   {product} {ergonomic}
   size_t MaxHeapSize                              = 4200595456                                {product} {ergonomic}
   size_t MaxNewSize                               = 2518679552                                {product} {ergonomic}
   size_t MinHeapDeltaBytes                        = 2097152                                   {product} {ergonomic}
   size_t MinHeapSize                              = 8388608                                   {product} {ergonomic}
    uintx NonNMethodCodeHeapSize                   = 5839372                                {pd product} {ergonomic}
    uintx NonProfiledCodeHeapSize                  = 122909434                              {pd product} {ergonomic}
    uintx ProfiledCodeHeapSize                     = 122909434                              {pd product} {ergonomic}
    uintx ReservedCodeCacheSize                    = 251658240                              {pd product} {ergonomic}
     bool SegmentedCodeCache                       = true                                      {product} {ergonomic}
   size_t SoftMaxHeapSize                          = 4200595456                             {manageable} {ergonomic}
     bool UseCompressedOops                        = true                           {product lp64_product} {ergonomic}
     bool UseG1GC                                  = true                                      {product} {ergonomic}
     bool UseLargePagesIndividualAllocation        = false                                  {pd product} {ergonomic}

Logging:
Log output configuration:
 #0: stdout all=warning uptime,level,tags foldmultilines=false
 #1: stderr all=off uptime,level,tags foldmultilines=false

Environment Variables:
JAVA_HOME=C:\Program Files\Java\jdk-21.0.10
PATH=C:\Python313\Scripts\;C:\Python313\;C:\WINDOWS\system32;C:\WINDOWS;C:\WINDOWS\System32\Wbem;C:\WINDOWS\System32\WindowsPowerShell\v1.0\;C:\WINDOWS\System32\OpenSSH\;C:\MinGW\bin;C:\Program Files\Git\cmd;C:\ProgramData\chocolatey\bin;C:\Program Files\HP\HP One Agent;C:\Program Files\nodejs\;C:\WINDOWS\system32;C:\WINDOWS;C:\WINDOWS\System32\Wbem;C:\WINDOWS\System32\WindowsPowerShell\v1.0\;C:\WINDOWS\System32\OpenSSH\;C:\Program Files\apache-maven-3.9.16\bin;C:\Program Files\Java\jdk-21.0.10\bin;C:\Program Files\dotnet\;C:\Program Files\Git\usr\bin;C:\Program Files\MySQL\MySQL Shell 8.0\bin\;C:\Users\taaza\AppData\Local\Microsoft\WindowsApps;C:\msys64\ucrt64\bin;C:\MinGW\bin;C:\Users\taaza\AppData\Local\Programs\Microsoft VS Code\bin;C:\Users\taaza\AppData\Roaming\npm;C:\Mongosh\;C:\Users\taaza\AppData\Local\Programs\DockerDesktop\resources\bin
USERNAME=Nisha
OS=Windows_NT
PROCESSOR_IDENTIFIER=Intel64 Family 6 Model 154 Stepping 4, GenuineIntel
TMP=C:\Users\taaza\AppData\Local\Temp
TEMP=C:\Users\taaza\AppData\Local\Temp




Periodic native trim disabled

---------------  S Y S T E M  ---------------

OS:
 Windows 11 , 64 bit Build 26100 (10.0.26100.9168)
OS uptime: 0 days 1:06 hours
Hyper-V role detected

CPU: total 12 (initial active 12) (6 cores per cpu, 2 threads per core) family 6 model 154 stepping 4 microcode 0x43b, cx8, cmov, fxsr, ht, mmx, 3dnowpref, sse, sse2, sse3, ssse3, sse4.1, sse4.2, popcnt, lzcnt, tsc, tscinvbit, avx, avx2, aes, erms, clmul, bmi1, bmi2, adx, sha, fma, vzeroupper, clflush, clflushopt, clwb, hv, serialize, rdtscp, rdpid, fsrm, f16c, cet_ibt, cet_ss
Processor Information for all 12 processors :
  Max Mhz: 1300, Current Mhz: 1300, Mhz Limit: 1300

Memory: 4k page, system-wide physical 16016M (3573M free)
TotalPageFile size 16659M (AvailPageFile size 3M)
current process WorkingSet (physical memory assigned to process): 69M, peak: 70M
current process commit charge ("private bytes"): 355M, peak: 356M

vm_info: Java HotSpot(TM) 64-Bit Server VM (21.0.10+8-LTS-217) for windows-amd64 JRE (21.0.10+8-LTS-217), built on 2025-12-18T14:59:28Z by "mach5run" with MS VC++ 17.13 (VS2022)

END.
